src/controllers/requirementController.ts(605,17): error TS2353: Object literal may only specify known properties, and 'creator' does not exist in type 'RequirementGroupInclude<DefaultArgs>'.
