
> backend@1.0.0 test
> jest --coverage src/__tests__/controllers/invoiceController.test.ts

FAIL src/__tests__/controllers/invoiceController.test.ts
  ● Test suite failed to run

    ReferenceError: Cannot access 'mockInvoiceFindMany' before initialization

    [0m [90m 20 |[39m     prisma[33m:[39m {
     [90m 21 |[39m         invoice[33m:[39m {
    [31m[1m>[22m[39m[90m 22 |[39m             findMany[33m:[39m mockInvoiceFindMany[33m,[39m
     [90m    |[39m                       [31m[1m^[22m[39m
     [90m 23 |[39m             create[33m:[39m mockInvoiceCreate[33m,[39m
     [90m 24 |[39m             update[33m:[39m mockInvoiceUpdate[33m,[39m
     [90m 25 |[39m             findUnique[33m:[39m mockInvoiceFindUnique[0m

      at src/__tests__/controllers/invoiceController.test.ts:22:23
      at Object.require (src/controllers/invoiceController.ts:3:1)
      at Object.<anonymous> (src/__tests__/controllers/invoiceController.test.ts:6:1)

-----------------------------|---------|----------|---------|---------|-------------------
File                         | % Stmts | % Branch | % Funcs | % Lines | Uncovered Line #s 
-----------------------------|---------|----------|---------|---------|-------------------
All files                    |       0 |        0 |       0 |       0 |                   
 controllers                 |       0 |        0 |       0 |       0 |                   
  adjustmentController.ts    |       0 |        0 |       0 |       0 | 3-491             
  adminController.ts         |       0 |        0 |       0 |       0 | 3-519             
  authController.ts          |       0 |        0 |       0 |       0 | 2-291             
  budgetController.ts        |       0 |        0 |       0 |       0 | 3-551             
  invoiceController.ts       |       0 |        0 |       0 |       0 | 3-171             
  notificationController.ts  |       0 |        0 |       0 |       0 | 3-44              
  paymentController.ts       |       0 |        0 |       0 |       0 | 3-207             
  reportController.ts        |       0 |        0 |       0 |       0 | 3-154             
  requirementController.ts   |       0 |        0 |       0 |       0 | 3-845             
  userController.ts          |       0 |        0 |       0 |       0 | 2-342             
 middlewares                 |       0 |        0 |       0 |       0 |                   
  auth.ts                    |       0 |        0 |       0 |       0 | 2-39              
 routes                      |       0 |        0 |       0 |       0 |                   
  adjustmentRoutes.ts        |       0 |      100 |     100 |       0 | 1-39              
  adminRoutes.ts             |       0 |      100 |     100 |       0 | 1-79              
  authRoutes.ts              |       0 |      100 |     100 |       0 | 1-17              
  budgetRoutes.ts            |       0 |      100 |     100 |       0 | 1-47              
  catalogRoutes.ts           |       0 |        0 |       0 |       0 | 1-48              
  invoiceRoutes.ts           |       0 |      100 |       0 |       0 | 1-26              
  notificationRoutes.ts      |       0 |      100 |     100 |       0 | 1-13              
  paymentRoutes.ts           |       0 |      100 |     100 |       0 | 1-22              
  reportRoutes.ts            |       0 |      100 |     100 |       0 | 1-16              
  requirementRoutes.ts       |       0 |      100 |       0 |       0 | 1-55              
  userRoutes.ts              |       0 |      100 |     100 |       0 | 1-34              
 services                    |       0 |        0 |       0 |       0 |                   
  blobStorageService.ts      |       0 |        0 |       0 |       0 | 1-153             
  emailService.ts            |       0 |        0 |       0 |       0 | 1-262             
  excelService.ts            |       0 |        0 |       0 |       0 | 1-85              
  logger.ts                  |       0 |        0 |       0 |       0 | 6-51              
  pdfService.ts              |       0 |        0 |       0 |       0 | 1-586             
  requirementGroupService.ts |       0 |        0 |       0 |       0 | 1-72              
-----------------------------|---------|----------|---------|---------|-------------------
Test Suites: 1 failed, 1 total
Tests:       0 total
Snapshots:   0 total
Time:        11.694 s
Ran all test suites matching /src\\__tests__\\controllers\\invoiceController.test.ts/i.
